// Jest Snapshot v1, https://goo.gl/fbAQLP

exports[`when MovieDelete then snapshot created 1`] = `
Array [
  <button
    aria-label="close"
    className="close-button"
    onClick={[MockFunction]}
    type="button"
  />,
  <section
    className="delete-modal"
  >
    <p
      className="modal-title"
    >
      DELETE
    </p>
    <p
      className="delete-movie-description"
    >
      Are you sure you want to delete this movie?
    </p>
    <button
      className="submit-delete"
      onClick={[Function]}
      type="button"
    >
      Confirm
    </button>
  </section>,
  " ",
]
`;
