// Jest Snapshot v1, https://goo.gl/fbAQLP

exports[`when BackButton then snapshot created 1`] = `
<button
  className="back-button"
  type="button"
>
  Back
</button>
`;
