// Jest Snapshot v1, https://goo.gl/fbAQLP

exports[`when AddButton then snapshot created 1`] = `
<button
  className="add-button"
  onClick={[Function]}
  type="button"
>
  + ADD MOVIE
</button>
`;
