// Jest Snapshot v1, https://goo.gl/fbAQLP

exports[`when MovieGenreFilter then snapshot created 1`] = `
<ul
  className="genre-filter"
/>
`;
