// Jest Snapshot v1, https://goo.gl/fbAQLP

exports[`when MovieEdit then snapshot created 1`] = `
Array [
  <button
    aria-label="close"
    className="close-button"
    onClick={[MockFunction]}
    type="button"
  />,
  <form
    className="add-movie"
    onSubmit={[Function]}
  >
    <p
      className="modal-title"
    >
      EDIT FORM
    </p>
    <label
      htmlFor="movie-id"
    >
      Movie id
      <p
        className="text"
        id="movie-id"
      >
        337167
      </p>
    </label>
    <label
      className=""
      htmlFor="movie-title"
    >
      Title
      <input
        className="input"
        id="movie-title"
        name="title"
        onBlur={[Function]}
        onChange={[Function]}
        readOnly={false}
        type="text"
        value="Fifty Shades Freed"
      />
    </label>
    <label
      htmlFor="movie-release"
    >
      Release date
      <input
        className="input"
        id="movie-release"
        name="release_date"
        onBlur={[Function]}
        onChange={[Function]}
        type="date"
        value="2018-02-07"
      />
    </label>
    <label
      className=""
      htmlFor="movie-url"
    >
      Movie url
      <input
        className="input"
        id="movie-url"
        name="poster_path"
        onBlur={[Function]}
        onChange={[Function]}
        readOnly={false}
        type="url"
        value="https://image.tmdb.org/t/p/w500/3kcEGnYBHDeqmdYf8ZRbKdfmlUy.jpg"
      />
    </label>
    <label
      className="genres"
      htmlFor="genres"
      id="malty"
    >
      genre
      <div
        className="go2139093995 multi-select"
      >
        <div
          aria-expanded={false}
          aria-labelledby="malty"
          aria-readonly={true}
          className="go2646822163 dropdown-container"
          onBlur={[Function]}
          onFocus={[Function]}
          onKeyDown={[Function]}
          onMouseEnter={[Function]}
          onMouseLeave={[Function]}
          tabIndex={0}
        >
          <div
            className="go2642161244 dropdown-heading"
            onClick={[Function]}
          >
            <div
              className="dropdown-heading-value"
            >
              <span>
                Drama, Romance
              </span>
            </div>
            <img
              alt="arrow_down"
              className="arrow"
              src="/images/arrow_down.png"
            />
          </div>
        </div>
      </div>
    </label>
    <label
      className=""
      htmlFor="movie-overview"
    >
      Overview
      <input
        className="input"
        id="movie-overview"
        name="overview"
        onBlur={[Function]}
        onChange={[Function]}
        readOnly={false}
        type="text"
        value="Believing they have left behind shadowy figures from their past, newlyweds Christian and Ana fully embrace an inextricable connection and shared life of luxury. But just as she steps into her role as Mrs. Grey and he relaxes into an unfamiliar stability, new threats could jeopardize their happy ending before it even begins."
      />
    </label>
    <label
      className=""
      htmlFor="movie-runtime"
    >
      Runtime
      <input
        className="input"
        id="movie-runtime"
        name="runtime"
        onBlur={[Function]}
        onChange={[Function]}
        readOnly={false}
        type="number"
        value={106}
      />
    </label>
    <div
      className="add-movie-actions"
    >
      <button
        className="reset-button"
        onClick={[Function]}
        type="button"
      >
        RESET
      </button>
      <button
        className="submit-button"
        onClick={[Function]}
        type="button"
      >
        SAVE
      </button>
    </div>
  </form>,
]
`;
